import { Component, registerComponent } from "../../runtime/dom/index.js";
import { signal } from "../../runtime/signal/signal.js";
const StyleBinding = registerComponent(
  { selector: "stylebinding-comp", type: "component" },
  class extends Component {
    static template = (() => {
      const t = document.createElement("template");
      t.innerHTML = `<div id="b0" style="color: red; background: white; font-size: 16px"></div>`;
      return t;
    })();
    initializeBindings = () => {
      const r = this.shadowRoot;
      const b0 = r.getElementById("b0");
      b0.style.color = this._color();
      b0.style.background = this._bg();
      b0.style.fontSize = this._size();
      this._color.subscribe((v) => {
        b0.style.color = v;
      }, true);
      this._bg.subscribe((v) => {
        b0.style.background = v;
      }, true);
      this._size.subscribe((v) => {
        b0.style.fontSize = v;
      }, true);
    };
    _color = signal("red");
    _bg = signal("white");
    _size = signal("16px");
    render = () => {
      return ``;
    };
    static styles = ``;
  }
);
export {
  StyleBinding
};