import { Component, registerComponent, __bindIfExpr, __bindRepeat, __findEl } from "../../runtime/dom/index.js";
import { signal } from "../../runtime/signal/signal.js";
const RepeatNested = registerComponent(
  { selector: "repeatnested-comp", type: "component" },
  class extends Component {
    static template = (() => {
      const t = document.createElement("template");
      t.innerHTML = `<ul> <template id="b2"></template>`;
      return t;
    })();
    initializeBindings = () => {
      const r = this.shadowRoot;
      __bindIfExpr(r, [], () => item.status === "online", "b0", `<span id="b0" class="online">\u25CF</span>`, () => []);
      __bindIfExpr(r, [], () => !(item.status === "online"), "b1", `<span id="b1" class="offline">\u25CB</span>`, () => []);
      __bindRepeat(r, this._items, "b2", (item$, _idx) => `<li data-bind-id="i7" class="${item$().class}"> <span><span id="i5">${item$().name}</span></span> <span "<span id="i6">${when(item$().active)}</span>" class="badge">Active</span> <template id="b3"></template><span id="b4" class="offline">\u25CB</span> </li>`, (els, item$, _idx) => {
        const $ = (id) => __findEl(els, id);
        return [
          item$.subscribe(() => {
            let e;
            const v = item$().name;
            e = $("i5");
            if (e) e.textContent = v;
          }, true),
          item$.subscribe(() => {
            let e;
            const v = when(item$().active);
            e = $("i6");
            if (e) e.textContent = v;
          }, true),
          item$.subscribe(() => {
            let e;
            const v = item$().class;
            e = $("i7");
            if (e) e.setAttribute("class", v);
          }, true)
        ];
      });
    };
    _items = signal([
      { name: "Item 1", class: "item", active: true, status: "online" },
      { name: "Item 2", class: "item", active: false, status: "offline" }
    ]);
    render = () => {
      return ``;
    };
    static styles = ``;
  }
);
export {
  RepeatNested
};