import { Component, registerComponent, __bindRepeat, __findEl } from "../../runtime/dom/index.js";
import { signal } from "../../runtime/signal/signal.js";
const RepeatWithEmpty = registerComponent(
  { selector: "repeatwithempty-comp", type: "component" },
  class extends Component {
    static template = (() => {
      const t = document.createElement("template");
      t.innerHTML = `<template id="b0"></template>`;
      return t;
    })();
    initializeBindings = () => {
      const r = this.shadowRoot;
      __bindRepeat(r, this._items, "b0", (item$, _idx) => `<div class="item"><span id="i1">${item$().name}</span></div>`, (els, item$, _idx) => {
        const $ = (id) => __findEl(els, id);
        return [
          item$.subscribe(() => {
            let e;
            const v = item$().name;
            e = $("i1");
            if (e) e.textContent = v;
          }, true)
        ];
      }, `<div class="empty">No items available</div>`);
    };
    _items = signal([]);
    render = () => {
      return ``;
    };
    static styles = ``;
  }
);
export {
  RepeatWithEmpty
};