import { Component, registerComponent } from "../../runtime/dom/shadow-dom.js";
const NestedStatic = registerComponent(
  { selector: "nestedstatic-comp", type: "component" },
  class extends Component {
    static template = (() => {
      const t = document.createElement("template");
      t.innerHTML = `<div class="outer"> <header><h1>Title</h1></header> <main><p>Content</p></main> <footer><span>Footer</span></footer> </div>`;
      return t;
    })();
    initializeBindings = () => {
      const r = this.shadowRoot;
    };
    render = () => {
      return ``;
    };
    static styles = ``;
  }
);
export {
  NestedStatic
};